
/home/runner/work/exp-lotka-volterra-simulation-au/exp-lotka-volterra-simulation-au/experiment/simulation/js/chart.js
  2:7  warning  'Chart' is assigned a value but never used  no-unused-vars

/home/runner/work/exp-lotka-volterra-simulation-au/exp-lotka-volterra-simulation-au/experiment/simulation/js/common.js
   3:10   warning  'dl' is defined but never used           no-unused-vars
   4:10   warning  'downloadPNG' is defined but never used  no-unused-vars
   6:10   warning  'setLegend' is defined but never used    no-unused-vars
   7:10   warning  'saveRun' is defined but never used      no-unused-vars
   8:10   warning  'loadRun' is defined but never used      no-unused-vars
   8:291  warning  'sync' is not defined                    no-undef
  11:10   warning  'renderField' is defined but never used  no-unused-vars
  18:10   warning  'toggleFS' is defined but never used     no-unused-vars

/home/runner/work/exp-lotka-volterra-simulation-au/exp-lotka-volterra-simulation-au/experiment/simulation/js/main.js
  19:12   warning  'Chart' is not defined                   no-undef
  21:19   warning  'Chart' is not defined                   no-undef
  21:168  warning  'setLegend' is not defined               no-undef
  22:23   warning  'Chart' is not defined                   no-undef
  22:161  warning  'setLegend' is not defined               no-undef
  23:25   warning  'Chart' is not defined                   no-undef
  23:169  warning  'setLegend' is not defined               no-undef
  24:9    warning  'Chart' is not defined                   no-undef
  24:253  warning  'setLegend' is not defined               no-undef
  29:3    warning  'renderField' is not defined             no-undef
  32:96   warning  'toast' is not defined                   no-undef
  33:10   warning  'play' is defined but never used         no-unused-vars
  35:10   warning  'step' is defined but never used         no-unused-vars
  38:10   warning  'resetSim' is defined but never used     no-unused-vars
  38:161  warning  'Chart' is not defined                   no-undef
  38:280  warning  'renderField' is not defined             no-undef
  38:304  warning  'toast' is not defined                   no-undef
  39:10   warning  'downloadCSV' is defined but never used  no-unused-vars
  39:33   warning  'toast' is not defined                   no-undef
  39:159  warning  'dl' is not defined                      no-undef
  39:199  warning  'toast' is not defined                   no-undef

✖ 30 problems (0 errors, 30 warnings)

